// Generated using SwiftGen, by O.Halligon â€” https://github.com/AliSoftware/SwiftGen

#if os(iOS) || os(tvOS) || os(watchOS)
  import UIKit.UIColor
  typealias Color = UIColor
#elseif os(OSX)
  import AppKit.NSColor
  typealias Color = NSColor
#endif

extension Color {
  convenience init(rgbaValue: UInt32) {
    let red   = CGFloat((rgbaValue >> 24) & 0xff) / 255.0
    let green = CGFloat((rgbaValue >> 16) & 0xff) / 255.0
    let blue  = CGFloat((rgbaValue >>  8) & 0xff) / 255.0
    let alpha = CGFloat((rgbaValue      ) & 0xff) / 255.0

    self.init(red: red, green: green, blue: blue, alpha: alpha)
  }
}

// swiftlint:disable file_length
// swiftlint:disable line_length

// swiftlint:disable type_body_length
enum ColorName {
  /// <span style="display:block;width:3em;height:2em;border:1px solid black;background:#ffcc00"></span>
  /// Alpha: 60% <br/> (0xffcc0099)
  case ArticleBackground
  /// <span style="display:block;width:3em;height:2em;border:1px solid black;background:#996600"></span>
  /// Alpha: 100% <br/> (0x996600ff)
  case ArticleTitle
  /// <span style="display:block;width:3em;height:2em;border:1px solid black;background:#999999"></span>
  /// Alpha: 100% <br/> (0x999999ff)
  case Text_Body_Color

  var rgbaValue: UInt32 {
    switch self {
    case .ArticleBackground:
      return 0xffcc0099
    case .ArticleTitle:
      return 0x996600ff
    case .Text_Body_Color:
      return 0x999999ff
    }
  }

  var color: Color {
    return Color(named: self)
  }
}
// swiftlint:enable type_body_length

extension Color {
  convenience init(named name: ColorName) {
    self.init(rgbaValue: name.rgbaValue)
  }
}
