// Generated using SwiftGen, by O.Halligon â€” https://github.com/AliSoftware/SwiftGen

#if os(iOS) || os(tvOS) || os(watchOS)
  import UIKit.UIImage
  typealias Image = UIImage
#elseif os(OSX)
  import AppKit.NSImage
  typealias Image = NSImage
#endif

// swiftlint:disable file_length
// swiftlint:disable line_length
// swiftlint:disable nesting

struct AssetType: ExpressibleByStringLiteral {
  fileprivate var value: String

  var image: UIImage {
    return UIImage(asset: self)
  }

  public init(stringLiteral value: String) {
    self.value = value
  }

  public init(extendedGraphemeClusterLiteral value: String) {
    self.init(stringLiteral: value)
  }

  public init(unicodeScalarLiteral value: String) {
    self.init(stringLiteral: value)
  }
}

// swiftlint:disable type_body_length
enum Asset {

  enum Exotic {
    static let banana: AssetType = "Exotic/Banana"
    static let mango: AssetType = "Exotic/Mango"
  }
  static let lemon: AssetType = "Lemon"
  enum Round {
    static let apricot: AssetType = "Round/Apricot"
    static let orange: AssetType = "Round/Orange"
    enum Red {
      static let apple: AssetType = "Round/Apple"
      enum Double {
        static let cherry: AssetType = "Round/Double/Cherry"
      }
      static let tomato: AssetType = "Round/Tomato"
    }
  }
}
// swiftlint:enable type_body_length

extension Image {
  convenience init!(asset: AssetType) {
    self.init(named: asset.value)
  }
}
