// Generated using SwiftGen, by O.Halligon â€” https://github.com/AliSoftware/SwiftGen

import Foundation
import Cocoa
import DBPrefsWindowController

// swiftlint:disable file_length
// swiftlint:disable line_length
// swiftlint:disable type_body_length

protocol StoryboardSceneType {
  static var storyboardName: String { get }
}

extension StoryboardSceneType {
  static func storyboard() -> NSStoryboard {
    return NSStoryboard(name: self.storyboardName, bundle: nil)
  }

  static func initialController() -> AnyObject {
    guard let controller = storyboard().instantiateInitialController()
    else {
      fatalError("Failed to instantiate initialViewController for \(self.storyboardName)")
    }
    return controller
  }
}

extension StoryboardSceneType where Self: RawRepresentable, Self.RawValue == String {
  func controller() -> AnyObject {
    return Self.storyboard().instantiateControllerWithIdentifier(self.rawValue)
  }
  static func controller(identifier: Self) -> AnyObject {
    return identifier.controller()
  }
}

protocol StoryboardSegueType: RawRepresentable { }

extension NSWindowController {
  func performSegue<S: StoryboardSegueType where S.RawValue == String>(segue: S, sender: AnyObject? = nil) {
    performSegueWithIdentifier(segue.rawValue, sender: sender)
  }
}

extension NSViewController {
  func performSegue<S: StoryboardSegueType where S.RawValue == String>(segue: S, sender: AnyObject? = nil) {
    performSegueWithIdentifier(segue.rawValue, sender: sender)
  }
}

struct StoryboardScene {
  enum AdditionalImport_Osx: String, StoryboardSceneType {
    static let storyboardName = "AdditionalImport-osx"

    case PreferencesScene = "Preferences"
    static func instantiatePreferences() -> DBPrefsWindowController {
      guard let vc = StoryboardScene.AdditionalImport_Osx.PreferencesScene.controller() as? DBPrefsWindowController
      else {
        fatalError("ViewController 'Preferences' is not of the expected class DBPrefsWindowController.")
      }
      return vc
    }
  }
}
