// Generated using SwiftGen, by O.Halligon â€” https://github.com/AliSoftware/SwiftGen

import Foundation

// swiftlint:disable file_length
// swiftlint:disable line_length

// swiftlint:disable type_body_length
enum L10n {
  /// My awesome title
  case AppTitle
  /// My name is %@, I am %d
  case GreetingsAndAge(String, Int)
}
// swiftlint:enable type_body_length

extension L10n: CustomStringConvertible {
  var description: String { return self.string }

  var string: String {
    switch self {
      case .AppTitle:
        return L10n.tr("AppTitle")
      case .GreetingsAndAge(let p0, let p1):
        return L10n.tr("GreetingsAndAge", p0, p1)
    }
  }

  private static func tr(key: String, _ args: CVarArgType...) -> String {
    let format = NSLocalizedString(key, comment: "")
    return String(format: format, locale: NSLocale.currentLocale(), arguments: args)
  }
}

func tr(key: L10n) -> String {
  return key.string
}
