// Generated using SwiftGen, by O.Halligon — https://github.com/AliSoftware/SwiftGen

import Foundation

// swiftlint:disable file_length
// swiftlint:disable line_length

// swiftlint:disable type_body_length
enum L10n {
  /// Contenu détaillé de l'alerte
  case AlertMessage
  /// Titre de l'alerte
  case AlertTitle
  /// Vous avez %d pommes
  case ApplesCount(Int)
  /// Ces %d bananes appartiennent à %@.
  case BananasOwner(Int, String)
  /// Bonjour, mon nom est %@ et j'ai %d ans
  case Greetings(String, Int)
  /// Ce sont les %1$d %2$@ de %3$@.
  case ObjectOwnership(Int, String, String)
  /// Quelques mots-clés réservés
  case SettingsNavigationBarSelf
  /// Paramètres
  case SettingsNavigationBarTitleEvenDeeper
  /// Ici, vous pouvez modifier certains paramètres de profil d'utilisateur.
  case SeTTingsUSerProFileSectioNFooterText
  /// Profil de l'utilisateur Paramètres
  case SETTINGSUSERPROFILESECTIONHEADERTITLE
}
// swiftlint:enable type_body_length

extension L10n: CustomStringConvertible {
  var description: String { return self.string }

  var string: String {
    switch self {
      case .AlertMessage:
        return L10n.tr("alert_message")
      case .AlertTitle:
        return L10n.tr("alert_title")
      case .ApplesCount(let p0):
        return L10n.tr("apples.count", p0)
      case .BananasOwner(let p0, let p1):
        return L10n.tr("bananas.owner", p0, p1)
      case .Greetings(let p0, let p1):
        return L10n.tr("greetings", p0, p1)
      case .ObjectOwnership(let p0, let p1, let p2):
        return L10n.tr("ObjectOwnership", p0, p1, p2)
      case .SettingsNavigationBarSelf:
        return L10n.tr("settings.navigation-bar.self")
      case .SettingsNavigationBarTitleEvenDeeper:
        return L10n.tr("settings.navigation-bar.title.even.deeper")
      case .SeTTingsUSerProFileSectioNFooterText:
        return L10n.tr("seTTings.uSer-proFile-sectioN.footer_text")
      case .SETTINGSUSERPROFILESECTIONHEADERTITLE:
        return L10n.tr("SETTINGS.USER_PROFILE_SECTION.HEADER_TITLE")
    }
  }

  private static func tr(key: String, _ args: CVarArgType...) -> String {
    let format = NSLocalizedString(key, comment: "")
    return String(format: format, locale: NSLocale.currentLocale(), arguments: args)
  }
}

func tr(key: L10n) -> String {
  return key.string
}
